// Jest Snapshot v1, https://goo.gl/fbAQLP

exports[`test matches snapshot 1`] = `
<DocumentFragment>
  <div
    class="Product"
  >
    <div
      class="h-100 my-2 p-1 rounded Product card"
    >
      <a
        href="/products/123"
      >
        <img
          class="card-img-top cardImg"
          src="placeholder"
        />
      </a>
      <div
        class="card-body"
      >
        <a
          href="/products/123"
        >
          <div
            class="card-title"
          >
            <strong>
              Test Product
            </strong>
          </div>
        </a>
        <div
          class="card-text"
        >
          <div
            class="Rating"
          >
            <span>
              <i
                class="fa-solid fa-star"
                style="color: rgb(238, 188, 29);"
              />
            </span>
            <span>
              <i
                class="fa-solid fa-star"
                style="color: rgb(238, 188, 29);"
              />
            </span>
            <span>
              <i
                class="fa-solid fa-star"
                style="color: rgb(238, 188, 29);"
              />
            </span>
            <span>
              <i
                class="fa-solid fa-star"
                style="color: rgb(238, 188, 29);"
              />
            </span>
            <span>
              <i
                class="fa-solid fa-star"
                style="color: rgb(238, 188, 29);"
              />
            </span>
            <span
              class="ps-2"
            >
              1 review
            </span>
          </div>
        </div>
        <h3
          class="card-text"
        >
          $35.99
        </h3>
      </div>
    </div>
  </div>
</DocumentFragment>
`;
