// Jest Snapshot v1, https://goo.gl/fbAQLP

exports[`matches snapshot 1`] = `
<DocumentFragment>
  <div
    class="Directory"
  >
    <div
      class="MenuItem"
    >
      <div
        class="background-image"
        style="background-image: url(/assets/images/shop-img/hats.png);"
      />
      <div
        class="content"
      >
        <h1
          class="title"
        >
          HATS
        </h1>
        <span
          class="subtitle"
        >
          SHOP NOW
        </span>
      </div>
    </div>
    <div
      class="MenuItem"
    >
      <div
        class="background-image"
        style="background-image: url(/assets/images/shop-img/jackets.png);"
      />
      <div
        class="content"
      >
        <h1
          class="title"
        >
          JACKETS
        </h1>
        <span
          class="subtitle"
        >
          SHOP NOW
        </span>
      </div>
    </div>
    <div
      class="MenuItem"
    >
      <div
        class="background-image"
        style="background-image: url(/assets/images/shop-img/sneakers.png);"
      />
      <div
        class="content"
      >
        <h1
          class="title"
        >
          SHOES
        </h1>
        <span
          class="subtitle"
        >
          SHOP NOW
        </span>
      </div>
    </div>
    <div
      class="MenuItem"
    >
      <div
        class="background-image"
        style="background-image: url(/assets/images/shop-img/womens.png);"
      />
      <div
        class="content"
      >
        <h1
          class="title"
        >
          WOMEN
        </h1>
        <span
          class="subtitle"
        >
          SHOP NOW
        </span>
      </div>
    </div>
    <div
      class="MenuItem"
    >
      <div
        class="background-image"
        style="background-image: url(/assets/images/shop-img/men.png);"
      />
      <div
        class="content"
      >
        <h1
          class="title"
        >
          MEN
        </h1>
        <span
          class="subtitle"
        >
          SHOP NOW
        </span>
      </div>
    </div>
    <div
      class="MenuItem"
    >
      <div
        class="background-image"
        style="background-image: url(/assets/images/shop-img/sample.png);"
      />
      <div
        class="content"
      >
        <h1
          class="title"
        >
          ALL
        </h1>
        <span
          class="subtitle"
        >
          SHOP NOW
        </span>
      </div>
    </div>
  </div>
</DocumentFragment>
`;
