// Jest Snapshot v1, https://goo.gl/fbAQLP

exports[`matches snapshot 1`] = `
<DocumentFragment>
  <div
    class="ProductDetails"
  >
    <button
      class="btn btn-light"
    >
      Go Back
    </button>
    <div
      class="Loader"
    >
      <span
        class="sr-only"
      >
        Loading...
      </span>
    </div>
  </div>
</DocumentFragment>
`;
