// Jest Snapshot v1, https://goo.gl/fbAQLP

exports[`matches snapshot 1`] = `
<DocumentFragment>
  <div
    class="PasswordGenerator"
  >
    <h2>
      Password Generator
    </h2>
    <div
      class="resultContainer"
    >
      <span
        id="result"
      />
      <button
        class="btn"
        id="clipboard"
      >
        <i
          class="far fa-clipboard"
        />
      </button>
    </div>
    <div
      class="settings"
    >
      <div
        class="setting"
      >
        <label
          for="length"
        >
          Password Length (6-20)
        </label>
        <input
          id="length"
          max="20"
          min="6"
          type="number"
          value="10"
        />
      </div>
      <div
        class="setting"
      >
        <label
          for="uppercase"
        >
          Include uppercase letters
        </label>
        <input
          checked=""
          id="uppercase"
          type="checkbox"
        />
      </div>
      <div
        class="setting"
      >
        <label
          for="lowercase"
        >
          Include lowercase letters
        </label>
        <input
          checked=""
          id="lowercase"
          type="checkbox"
        />
      </div>
      <div
        class="setting"
      >
        <label
          for="numbers"
        >
          Include numbers
        </label>
        <input
          checked=""
          id="numbers"
          type="checkbox"
        />
      </div>
      <div
        class="setting"
      >
        <label
          for="symbols"
        >
          Include symbols
        </label>
        <input
          checked=""
          id="symbols"
          type="checkbox"
        />
      </div>
    </div>
    <button
      class="btn btn-large"
      id="generate"
    >
      Generate Password
    </button>
  </div>
</DocumentFragment>
`;
