// Jest Snapshot v1, https://goo.gl/fbAQLP

exports[`matches snapshot 1`] = `
<DocumentFragment>
  <div
    class="PlaceOrder"
  >
    <div
      class="CheckoutSteps"
    >
      <div
        class="justify-content-center mb-4 nav"
      >
        <div
          class="nav-item"
        >
          <a
            class="nav-link"
            data-rr-ui-event-key="/login"
            href="/login"
          >
            Sign In
          </a>
        </div>
        <div
          class="nav-item"
        >
          <a
            class="nav-link"
            data-rr-ui-event-key="/shipping"
            href="/shipping"
          >
            Shipping
          </a>
        </div>
        <div
          class="nav-item"
        >
          <a
            class="nav-link"
            data-rr-ui-event-key="/payment"
            href="/payment"
          >
            Payment
          </a>
        </div>
        <div
          class="nav-item"
        >
          <a
            class="nav-link"
            data-rr-ui-event-key="/placeorder"
            href="/placeorder"
          >
            Place Order
          </a>
        </div>
      </div>
    </div>
    <div
      class="row"
    >
      <div
        class="col-md-8"
      >
        <div
          class="list-group list-group-flush"
        >
          <div
            class="list-group-item"
          >
            <h2>
              Shipping
            </h2>
            <p>
              <strong>
                Address: 
              </strong>
              , , , 
            </p>
          </div>
          <div
            class="list-group-item"
          >
            <h2>
              Payment Method
            </h2>
            <strong>
              Method: 
            </strong>
          </div>
          <div
            class="list-group-item"
          >
            <h2>
              Items In Order
            </h2>
            <div
              class="fade alert alert-info show"
              role="alert"
            >
              Your cart is empty...
            </div>
          </div>
        </div>
      </div>
      <div
        class="col-md-4"
      >
        <div
          class="card"
        >
          <div
            class="list-group list-group-flush"
          >
            <div
              class="list-group-item"
            >
              <h2>
                Order Summary
              </h2>
            </div>
            <div
              class="list-group-item"
            >
              <div
                class="row"
              >
                <div
                  class="col"
                >
                  Subtotal
                </div>
                <div
                  class="col"
                >
                  $0.00
                </div>
              </div>
            </div>
            <div
              class="list-group-item"
            >
              <div
                class="row"
              >
                <div
                  class="col"
                >
                  Shipping
                </div>
                <div
                  class="col"
                >
                  $10.00
                </div>
              </div>
            </div>
            <div
              class="list-group-item"
            >
              <div
                class="row"
              >
                <div
                  class="col"
                >
                  Tax
                </div>
                <div
                  class="col"
                >
                  $0.00
                </div>
              </div>
            </div>
            <div
              class="list-group-item"
            >
              <div
                class="row"
              >
                <div
                  class="col"
                >
                  Total
                </div>
                <div
                  class="col"
                >
                  <strong>
                    $10.00
                  </strong>
                </div>
              </div>
            </div>
            <div
              class="list-group-item"
            />
            <div
              class="list-group-item"
            >
              <button
                class="btn-block btn btn-primary"
                disabled=""
                type="button"
              >
                <del>
                  Place Order
                </del>
              </button>
            </div>
          </div>
        </div>
      </div>
    </div>
  </div>
</DocumentFragment>
`;
